// Jest Snapshot v1, https://goo.gl/fbAQLP

exports[`Questionnaire can mount 1`] = `
"
            <div id=\\"app\\"><div class=\\"questionnaire\\"> <!----></div></div>
        "
`;
